*****************************************************************
      SolidWorks 公司 - IGES 处理器状态报告
*****************************************************************
=================================================================
总信息
=================================================================
发送系统产品 I.D.  : 零件1
接收系统产品 I.D.  : 零件1
文件名称                    : C:\Users\12909\Desktop\新建文件夹\JIQIREN DAZUOYE\工件盒.IGS
发送系统              : SolidWorks 2021
预处理器版本         : SolidWorks 2021
文件生成日期          : 220629.184221
模型生成日期         : 220629.184221
单位                        : MM
模型空间比例            : 1
作者                       : 12909
组织                 : 


=================================================================
实体处理信息
=================================================================


=================================================================
IGES 文件的精度分析：
=================================================================
  有效位数的最普遍的数:              12
  有效位数的最大数:                     12
  有效位数的平均数:                9.82022
  与原点的最大距离:                          367.274
  与原点的最小距离:                          128.032
  有效位数的有效数:               11.684


=================================================================
实体概要
=================================================================
-----------------------------------------------------------------
类型名称                                         记数转换
---- ----                                         ----- ---------
102  Composite curve                                 24        24
110  Line                                            48        48
126  Rational B-spline curve                         48        48
128  Rational B-spline surface                       11        11
142  Curve on a parametric surface                   12        12
144  Trimmed parametric surface                      11        11
314  Color definition                                 1         1
_________________________________________________________________


=================================================================
结果概要
=================================================================
SolidWorks 特征类型                记数
-----------------------                -----
实体特征                       1
曲面特征                     0
曲线/草图特征                0
--------------------------------------------
开始时间: 星期四, 七月 07, 2022 20:16:40
结束时间: 星期四, 七月 07, 2022 20:16:47
处理时间: 0 days, 00 hours, 00 mins, 07 secs
